job 52 em c[1-4]
[prun] Master compute host = c1
[prun] Resource manager = slurm
[prun] Launch cmd = srun --mpi=pmix -- ./soma_reduce 2000000000 (family=openmpi5)
rank  8 somou de   500000001 a   562500000: parcial = 33203125031250000 (0.032 s)
rank  9 somou de   562500001 a   625000000: parcial = 37109375031250000 (0.032 s)
rank 10 somou de   625000001 a   687500000: parcial = 41015625031250000 (0.032 s)
rank 11 somou de   687500001 a   750000000: parcial = 44921875031250000 (0.032 s)
rank 12 somou de   750000001 a   812500000: parcial = 48828125031250000 (0.032 s)
rank 13 somou de   812500001 a   875000000: parcial = 52734375031250000 (0.032 s)
rank 14 somou de   875000001 a   937500000: parcial = 56640625031250000 (0.032 s)
rank 15 somou de   937500001 a  1000000000: parcial = 60546875031250000 (0.032 s)
rank 24 somou de  1500000001 a  1562500000: parcial = 95703125031250000 (0.032 s)
rank 25 somou de  1562500001 a  1625000000: parcial = 99609375031250000 (0.032 s)
rank 26 somou de  1625000001 a  1687500000: parcial = 103515625031250000 (0.033 s)
rank 27 somou de  1687500001 a  1750000000: parcial = 107421875031250000 (0.033 s)
rank 28 somou de  1750000001 a  1812500000: parcial = 111328125031250000 (0.033 s)
rank 29 somou de  1812500001 a  1875000000: parcial = 115234375031250000 (0.033 s)
rank 30 somou de  1875000001 a  1937500000: parcial = 119140625031250000 (0.033 s)
rank 31 somou de  1937500001 a  2000000000: parcial = 123046875031250000 (0.033 s)
rank 16 somou de  1000000001 a  1062500000: parcial = 64453125031250000 (0.032 s)
rank 17 somou de  1062500001 a  1125000000: parcial = 68359375031250000 (0.032 s)
rank 18 somou de  1125000001 a  1187500000: parcial = 72265625031250000 (0.032 s)
rank 19 somou de  1187500001 a  1250000000: parcial = 76171875031250000 (0.032 s)
rank 20 somou de  1250000001 a  1312500000: parcial = 80078125031250000 (0.032 s)
rank 21 somou de  1312500001 a  1375000000: parcial = 83984375031250000 (0.032 s)
rank 22 somou de  1375000001 a  1437500000: parcial = 87890625031250000 (0.032 s)
rank 23 somou de  1437500001 a  1500000000: parcial = 91796875031250000 (0.032 s)
N = 2000000000, 32 processos
rank  0 somou de           1 a    62500000: parcial = 1953125031250000 (0.033 s)
total    = 2000000001000000000
esperado = 2000000001000000000  -> OK
rank  1 somou de    62500001 a   125000000: parcial = 5859375031250000 (0.033 s)
rank  2 somou de   125000001 a   187500000: parcial = 9765625031250000 (0.033 s)
rank  3 somou de   187500001 a   250000000: parcial = 13671875031250000 (0.033 s)
rank  6 somou de   375000001 a   437500000: parcial = 25390625031250000 (0.033 s)
rank  7 somou de   437500001 a   500000000: parcial = 29296875031250000 (0.033 s)
rank  4 somou de   250000001 a   312500000: parcial = 17578125031250000 (0.033 s)
rank  5 somou de   312500001 a   375000000: parcial = 21484375031250000 (0.033 s)
